{
  another_object: {
    another_string_key: "a value for another string key",
    key_with_hyphen: "value-1",
    key_with_underscore: "value_2",
    "string key": "this key is a string literal"
  },
  arrays: {
    array_of_objects: [
      {
        score: 100,
        user: "kim"
      },
      {
        active: true,
        score: 200,
        user: "jane"
      },
      {
        notes: "has notes",
        score: 150,
        user: "john"
      }
    ],
    nested_array: [
      [
        1,
        2,
        3
      ],
      [
        "a",
        "b",
        "c"
      ],
      [
        {
          id: 1,
          name: "first"
        },
        {
          id: 2,
          name: "second"
        }
      ]
    ],
    simple_array: [
      1,
      "two",
      3.0,
      true,
      null
    ]
  },
  data_points: [
    {
      id: "dp001",
      metadata: {
        quality: 0.95,
        source: "sensorA"
      },
      values: [
        10,
        20,
        15,
        25,
        30
      ]
    },
    {
      id: "dp002",
      metadata: {
        error: null,
        quality: 0.92,
        source: "sensorB"
      },
      values: [
        11,
        22,
        18,
        28,
        32
      ]
    },
    {
      id: "dp003",
      metadata: {
        quality: 0.98,
        retries: 1,
        source: "sensorA"
      },
      values: [
        9,
        19,
        16,
        26,
        31
      ]
    }
  ],
  metadata: {
    author: "Benchmark Generator",
    timestamp: "2023-10-27T10:00:00Z",
    version: 1.2
  },
  multiline_strings: {
    empty_multiline: "",
    multiline_with_quotes: "      Here are some quotes: 'single' and \"double\".\n    ",
    poem: "      The road goes ever on and on,\n      Down from the door where it began.\n      Now far ahead the road has gone,\n      And I must follow, if I can.\n    "
  },
  nested_object: {
    level1: {
      level2: {
        level3: {
          level4: {
            level5: {
              another_array: [
                1,
                [
                  2,
                  [
                    3,
                    [
                      4,
                      [
                        5
                      ]
                    ]
                  ]
                ]
              ],
              value: "deep"
            }
          }
        }
      }
    }
  },
  simple_values: {
    123: 12345,
    float_val: 6.626e-34,
    is_false: false,
    is_null: null,
    is_true: true,
    key-1: "value with \"escapes\" and unicode \"",
    negative: -100
  }
}